nandargi@localhost:~/Music/Fbi-OS.iso-file$ sudo -i
[sudo] password for inandargi: 
Sorry, try again.
[sudo] password for inandargi: 
Sorry, try again.
[sudo] password for inandargi: 
root@localhost:~# #!/bin/bash
# Build script for FBI-OS ISO (CentOS compatible)
set -e
WORKDIR="$(pwd)/build"
ISO_NAME="fbi-os.iso"

# Install required packages
sudo dnf install -y epel-release
sudo dnf install -y debootstrap squashfs-tools xorriso grub2-pc mtools git-lfs feh conky

echo "ISO build complete: $WORKDIR/$ISO_NAME"O_NAME" -b boot/grub/i386-pc/eltorito.img -no-emul-boot -boot-load-size 4 -boot-info-table "$WORKDIR/iso"
Last metadata expiration check: 0:11:19 ago on Thu 04 Sep 2025 11:17:23 AM IST.
Package epel-release-10-6.el10_0.noarch is already installed.
Dependencies resolved.
Nothing to do.
Complete!
Last metadata expiration check: 0:11:20 ago on Thu 04 Sep 2025 11:17:23 AM IST.
Package squashfs-tools-4.6.1-6.el10.x86_64 is already installed.
Package xorriso-1.5.6-6.el10.x86_64 is already installed.
Package grub2-pc-1:2.12-24.el10.x86_64 is already installed.
No match for argument: feh
No match for argument: conky
Error: Unable to find a match: feh conky
inandargi@localhost:~/Music/Fbi-OS.iso-file$ 